
/home/runner/work/exp-tcp-au/exp-tcp-au/experiment/simulation/js/273.73431bf4.js
  1:4684  warning  'a' is defined but never used  no-unused-vars
  1:4686  warning  'o' is defined but never used  no-unused-vars
  1:4688  warning  's' is defined but never used  no-unused-vars
  1:5110  warning  't' is defined but never used  no-unused-vars
  1:5112  warning  'n' is defined but never used  no-unused-vars
  1:5114  warning  'a' is defined but never used  no-unused-vars
  1:5116  warning  'o' is defined but never used  no-unused-vars
  1:5118  warning  's' is defined but never used  no-unused-vars

/home/runner/work/exp-tcp-au/exp-tcp-au/experiment/simulation/js/app.ee043033.js
  1:89    warning  'e' is defined but never used           no-unused-vars
  1:91    warning  'n' is defined but never used           no-unused-vars
  1:1871  warning  'u' is defined but never used           no-unused-vars
  1:4902  warning  'r' is assigned a value but never used  no-unused-vars

/home/runner/work/exp-tcp-au/exp-tcp-au/experiment/simulation/js/chunk-vendors.92e5580b.js
  1:1813   warning  Empty block statement                                                            no-empty
  1:3883   warning  Do not access Object.prototype method 'hasOwnProperty' from target object        no-prototype-builtins
  1:5407   warning  Do not access Object.prototype method 'propertyIsEnumerable' from target object  no-prototype-builtins
  1:6037   warning  'b.get' is assigned to itself                                                    no-self-assign
  1:6049   warning  'b.has' is assigned to itself                                                    no-self-assign
  1:6061   warning  'b.set' is assigned to itself                                                    no-self-assign
  1:8223   warning  Empty block statement                                                            no-empty
  1:9006   warning  Empty block statement                                                            no-empty
  1:9311   warning  Empty block statement                                                            no-empty
  1:13496  warning  'e' is defined but never used                                                    no-unused-vars
  1:13915  warning  'e' is defined but never used                                                    no-unused-vars
  1:16511  warning  't' is defined but never used                                                    no-unused-vars
  1:16611  warning  'i' is defined but never used                                                    no-unused-vars
  1:16613  warning  's' is defined but never used                                                    no-unused-vars
  1:17300  warning  't' is defined but never used                                                    no-unused-vars
  1:19047  warning  'e' is defined but never used                                                    no-unused-vars
  1:19049  warning  't' is defined but never used                                                    no-unused-vars
  1:19077  warning  'e' is defined but never used                                                    no-unused-vars
  1:19079  warning  't' is defined but never used                                                    no-unused-vars
  1:20718  warning  't' is defined but never used                                                    no-unused-vars
  1:22810  warning  't' is defined but never used                                                    no-unused-vars
  1:25456  warning  'r' is assigned a value but never used                                           no-unused-vars
  1:26139  warning  'e' is defined but never used                                                    no-unused-vars
  1:27817  warning  'n' is defined but never used                                                    no-unused-vars
  1:30009  warning  'u' is assigned a value but never used                                           no-unused-vars
  1:30021  warning  'a' is assigned a value but never used                                           no-unused-vars
  1:32331  warning  'e' is assigned a value but never used                                           no-unused-vars
  1:34852  warning  'de' is defined but never used                                                   no-unused-vars
  1:35310  warning  'ye' is defined but never used                                                   no-unused-vars
  1:35361  warning  'be' is defined but never used                                                   no-unused-vars
  1:36376  warning  'n' is assigned a value but never used                                           no-unused-vars
  1:39452  warning  'b' is assigned a value but never used                                           no-unused-vars
  1:39480  warning  'w' is assigned a value but never used                                           no-unused-vars
  1:39628  warning  'T' is assigned a value but never used                                           no-unused-vars
  1:40085  warning  Setter cannot return a value                                                     no-setter-return
  1:40525  warning  Setter cannot return a value                                                     no-setter-return
  1:40685  warning  'n' is assigned a value but never used                                           no-unused-vars
  1:40925  warning  Setter cannot return a value                                                     no-setter-return
  1:45320  warning  'n' is defined but never used                                                    no-unused-vars
  1:62752  warning  'n' is defined but never used                                                    no-unused-vars
  1:64853  warning  Unexpected constant condition                                                    no-constant-condition
  1:66078  warning  'i' is defined but never used                                                    no-unused-vars
  1:67113  warning  Expected a conditional expression and instead saw an assignment                  no-cond-assign
  1:75290  warning  Do not access Object.prototype method 'hasOwnProperty' from target object        no-prototype-builtins
  1:75312  warning  Do not access Object.prototype method 'hasOwnProperty' from target object        no-prototype-builtins
  7:1877   warning  Unnecessary escape character: \/                                                 no-useless-escape
  7:3105   warning  't' is defined but never used                                                    no-unused-vars
  7:10477  warning  Empty block statement                                                            no-empty
  7:14583  warning  'i' is defined but never used                                                    no-unused-vars
  7:20039  warning  'e' is defined but never used                                                    no-unused-vars

/home/runner/work/exp-tcp-au/exp-tcp-au/experiment/simulation/static/js/787.36ba9dcd.chunk.js
  1:691   warning  Empty block statement  no-empty
  1:4425  warning  Empty block statement  no-empty

/home/runner/work/exp-tcp-au/exp-tcp-au/experiment/simulation/static/js/main.4d7ccb5c.js
  2:671     warning  Unexpected combined character in character class                           no-misleading-character-class
  2:2560    warning  Unnecessary escape character: \-                                           no-useless-escape
  2:2642    warning  Do not access Object.prototype method 'hasOwnProperty' from target object  no-prototype-builtins
  2:7180    warning  Expected a conditional expression and instead saw an assignment            no-cond-assign
  2:8170    warning  Empty block statement                                                      no-empty
  2:9375    warning  Do not access Object.prototype method 'hasOwnProperty' from target object  no-prototype-builtins
  2:10835   warning  Do not access Object.prototype method 'hasOwnProperty' from target object  no-prototype-builtins
  2:10876   warning  Do not access Object.prototype method 'hasOwnProperty' from target object  no-prototype-builtins
  2:11041   warning  Do not access Object.prototype method 'hasOwnProperty' from target object  no-prototype-builtins
  2:11068   warning  Do not access Object.prototype method 'hasOwnProperty' from target object  no-prototype-builtins
  2:11656   warning  Do not access Object.prototype method 'hasOwnProperty' from target object  no-prototype-builtins
  2:13290   warning  'MSApp' is not defined                                                     no-undef
  2:13333   warning  'n' is defined but never used                                              no-unused-vars
  2:13335   warning  'r' is defined but never used                                              no-unused-vars
  2:13338   warning  'MSApp' is not defined                                                     no-undef
  2:14303   warning  Do not access Object.prototype method 'hasOwnProperty' from target object  no-prototype-builtins
  2:14396   warning  Do not access Object.prototype method 'hasOwnProperty' from target object  no-prototype-builtins
  2:15603   warning  Expected a conditional expression and instead saw an assignment            no-cond-assign
  2:16625   warning  Expected to return a value in method 'get'                                 getter-return
  2:16762   warning  'r' is defined but never used                                              no-unused-vars
  2:16764   warning  'a' is defined but never used                                              no-unused-vars
  2:16766   warning  'l' is defined but never used                                              no-unused-vars
  2:16768   warning  'o' is defined but never used                                              no-unused-vars
  2:16770   warning  'i' is defined but never used                                              no-unused-vars
  2:16772   warning  'u' is defined but never used                                              no-unused-vars
  2:16945   warning  'e' is defined but never used                                              no-unused-vars
  2:16947   warning  't' is defined but never used                                              no-unused-vars
  2:16949   warning  'n' is defined but never used                                              no-unused-vars
  2:16951   warning  'r' is defined but never used                                              no-unused-vars
  2:16953   warning  'a' is defined but never used                                              no-unused-vars
  2:16955   warning  'l' is defined but never used                                              no-unused-vars
  2:16957   warning  'o' is defined but never used                                              no-unused-vars
  2:16959   warning  'i' is defined but never used                                              no-unused-vars
  2:16961   warning  'u' is defined but never used                                              no-unused-vars
  2:25840   warning  Do not access Object.prototype method 'hasOwnProperty' from target object  no-prototype-builtins
  2:26160   warning  Invalid typeof comparison value                                            valid-typeof
  2:26334   warning  Invalid typeof comparison value                                            valid-typeof
  2:33138   warning  Expected a conditional expression and instead saw an assignment            no-cond-assign
  2:34356   warning  Do not access Object.prototype method 'hasOwnProperty' from target object  no-prototype-builtins
  2:36856   warning  'e' is defined but never used                                              no-unused-vars
  2:36858   warning  't' is defined but never used                                              no-unused-vars
  2:36860   warning  'n' is defined but never used                                              no-unused-vars
  2:36862   warning  'r' is defined but never used                                              no-unused-vars
  2:36864   warning  'a' is defined but never used                                              no-unused-vars
  2:36866   warning  'o' is defined but never used                                              no-unused-vars
  2:36868   warning  'i' is defined but never used                                              no-unused-vars
  2:36870   warning  'u' is defined but never used                                              no-unused-vars
  2:36872   warning  's' is defined but never used                                              no-unused-vars
  2:38813   warning  Expected a 'break' statement before 'case'                                 no-fallthrough
  2:39000   warning  Expected a 'break' statement before 'case'                                 no-fallthrough
  2:40111   warning  Expected a conditional expression and instead saw an assignment            no-cond-assign
  2:40185   warning  Expected a conditional expression and instead saw an assignment            no-cond-assign
  2:41538   warning  Expected a 'break' statement before 'case'                                 no-fallthrough
  2:43510   warning  Unexpected control character(s) in regular expression: \x00                no-control-regex
  2:45116   warning  Expected a conditional expression and instead saw an assignment            no-cond-assign
  2:45216   warning  Expected a conditional expression and instead saw an assignment            no-cond-assign
  2:52615   warning  Expected a 'break' statement before 'case'                                 no-fallthrough
  2:54582   warning  Expected a conditional expression and instead saw an assignment            no-cond-assign
  2:56033   warning  Expected a conditional expression and instead saw an assignment            no-cond-assign
  2:61865   warning  Expected a conditional expression and instead saw an assignment            no-cond-assign
  2:68476   warning  Empty block statement                                                      no-empty
  2:75663   warning  Expected a conditional expression and instead saw an assignment            no-cond-assign
  2:76793   warning  Expected a conditional expression and instead saw an assignment            no-cond-assign
  2:79550   warning  Expected a conditional expression and instead saw an assignment            no-cond-assign
  2:85165   warning  Do not access Object.prototype method 'hasOwnProperty' from target object  no-prototype-builtins
  2:85445   warning  Do not access Object.prototype method 'hasOwnProperty' from target object  no-prototype-builtins
  2:85890   warning  Unnecessary escape character: \/                                           no-useless-escape
  2:86758   warning  Do not access Object.prototype method 'hasOwnProperty' from target object  no-prototype-builtins
  2:87066   warning  Do not access Object.prototype method 'hasOwnProperty' from target object  no-prototype-builtins
  2:92059   warning  Do not access Object.prototype method 'hasOwnProperty' from target object  no-prototype-builtins
  2:92080   warning  Do not access Object.prototype method 'hasOwnProperty' from target object  no-prototype-builtins
  2:92150   warning  Do not access Object.prototype method 'hasOwnProperty' from target object  no-prototype-builtins
  2:92330   warning  Do not access Object.prototype method 'hasOwnProperty' from target object  no-prototype-builtins
  2:92432   warning  Do not access Object.prototype method 'hasOwnProperty' from target object  no-prototype-builtins
  2:92512   warning  Do not access Object.prototype method 'hasOwnProperty' from target object  no-prototype-builtins
  2:92536   warning  Do not access Object.prototype method 'hasOwnProperty' from target object  no-prototype-builtins
  2:92588   warning  Do not access Object.prototype method 'hasOwnProperty' from target object  no-prototype-builtins
  2:92943   warning  Do not access Object.prototype method 'hasOwnProperty' from target object  no-prototype-builtins
  2:95350   warning  Empty block statement                                                      no-empty
  2:95385   warning  Expected a 'break' statement before 'case'                                 no-fallthrough
  2:99457   warning  Do not access Object.prototype method 'hasOwnProperty' from target object  no-prototype-builtins
  2:99984   warning  Expected a 'break' statement before 'case'                                 no-fallthrough
  2:112490  warning  Empty block statement                                                      no-empty
  2:114192  warning  Empty block statement                                                      no-empty
  2:124671  warning  Expected a conditional expression and instead saw an assignment            no-cond-assign
  2:126416  warning  'Ae' is a function                                                         no-func-assign
  2:126422  warning  'Pe' is a function                                                         no-func-assign
  2:127369  warning  '__REACT_DEVTOOLS_GLOBAL_HOOK__' is not defined                            no-undef
  2:127472  warning  Empty block statement                                                      no-empty
  2:129825  warning  '__REACT_DEVTOOLS_GLOBAL_HOOK__' is not defined                            no-undef
  2:129869  warning  '__REACT_DEVTOOLS_GLOBAL_HOOK__' is not defined                            no-undef
  2:130347  warning  Do not access Object.prototype method 'hasOwnProperty' from target object  no-prototype-builtins
  2:131992  warning  Do not access Object.prototype method 'hasOwnProperty' from target object  no-prototype-builtins
  2:135020  warning  Do not access Object.prototype method 'hasOwnProperty' from target object  no-prototype-builtins
  2:137964  warning  'setImmediate' is not defined                                              no-undef
  2:141872  warning  'e' is defined but never used                                              no-unused-vars
  2:141995  warning  'o' is defined but never used                                              no-unused-vars
  2:144766  warning  Unsafe usage of ReturnStatement                                            no-unsafe-finally
  2:144786  warning  Unsafe usage of ThrowStatement                                             no-unsafe-finally
  2:145306  warning  'p' is a function                                                          no-func-assign
  2:146140  warning  'g' is a function                                                          no-func-assign
  2:146539  warning  'b' is a function                                                          no-func-assign
  2:147392  warning  'e' is defined but never used                                              no-unused-vars
  2:147394  warning  't' is defined but never used                                              no-unused-vars
  2:147396  warning  'n' is defined but never used                                              no-unused-vars
  2:147406  warning  'S' is a function                                                          no-func-assign
  2:147640  warning  'E' is a function                                                          no-func-assign
  2:148722  warning  Unsafe usage of ThrowStatement                                             no-unsafe-finally
  2:148753  warning  'j' is a function                                                          no-func-assign
  2:149230  warning  Empty block statement                                                      no-empty
  2:157379  warning  'ae' is assigned a value but never used                                    no-unused-vars
  2:157799  warning  'ue' is a function                                                         no-func-assign
  2:158071  warning  'fe' is assigned a value but never used                                    no-unused-vars
  2:163463  warning  'e' is defined but never used                                              no-unused-vars
  2:163519  warning  'e' is defined but never used                                              no-unused-vars
  2:163575  warning  'e' is defined but never used                                              no-unused-vars
  2:163593  warning  'e' is defined but never used                                              no-unused-vars
  2:163738  warning  'e' is defined but never used                                              no-unused-vars
  2:164657  warning  'Ie' is assigned a value but never used                                    no-unused-vars
  2:165485  warning  'De' is a function                                                         no-func-assign
  2:167337  warning  Empty block statement                                                      no-empty

✖ 185 problems (0 errors, 185 warnings)

